// Jest Snapshot v1, https://goo.gl/fbAQLP

exports[`<GameInfo /> should render game informations 1`] = `
.c8 {
  display: inline-block;
  vertical-align: middle;
  overflow: hidden;
}

.c7 {
  border-radius: 0.4rem;
  cursor: pointer;
  position: relative;
  z-index: 10;
  -webkit-text-decoration: none;
  text-decoration: none;
  display: -webkit-inline-box;
  display: -webkit-inline-flex;
  display: -ms-inline-flexbox;
  display: inline-flex;
  -webkit-align-items: center;
  -webkit-box-align: center;
  -ms-flex-align: center;
  align-items: center;
  -webkit-box-pack: center;
  -webkit-justify-content: center;
  -ms-flex-pack: center;
  justify-content: center;
  font-size: 1.6rem;
  padding: 0.8rem 2.4rem;
  height: 5rem;
  background: linear-gradient(180deg,#ff5f5f 0%,#f062c0 50%);
  border: 0.1rem solid transparent;
  color: #fafafa;
}

.c7 svg {
  width: 1.8rem;
}

.c7:hover {
  background: linear-gradient(180deg,#e35565 0%,#d958a6 50%);
}

.c7 svg {
  width: 1.5rem;
}

.c7 svg + span {
  margin-left: 0.8rem;
}

.c9 {
  border-radius: 0.4rem;
  cursor: pointer;
  position: relative;
  z-index: 10;
  -webkit-text-decoration: none;
  text-decoration: none;
  display: -webkit-inline-box;
  display: -webkit-inline-flex;
  display: -ms-inline-flexbox;
  display: inline-flex;
  -webkit-align-items: center;
  -webkit-box-align: center;
  -ms-flex-align: center;
  align-items: center;
  -webkit-box-pack: center;
  -webkit-justify-content: center;
  -ms-flex-pack: center;
  justify-content: center;
  font-size: 1.6rem;
  padding: 0.8rem 2.4rem;
  height: 5rem;
  background: none;
  border: 0.1rem solid transparent;
  color: #f231a5;
}

.c9 svg {
  width: 1.8rem;
}

.c9:hover {
  border: 0.1rem solid rgba(242,49,165,0.1);
  color: #e20e8d;
}

.c9 svg {
  width: 1.5rem;
}

.c9 svg + span {
  margin-left: 0.8rem;
}

.c2 {
  color: #030517;
  position: relative;
  margin-bottom: 3.2rem;
  font-size: 2.0rem;
}

.c2::after {
  content: '';
  position: absolute;
  left: 0;
  bottom: -0.3rem;
  width: 5rem;
  border-bottom: 0.5rem solid #3cd3c1;
}

.c4 {
  color: #fafafa;
  padding: 0 2.4rem;
  display: -webkit-box;
  display: -webkit-flex;
  display: -ms-flexbox;
  display: flex;
  -webkit-align-items: center;
  -webkit-box-align: center;
  -ms-flex-align: center;
  align-items: center;
  -webkit-box-pack: center;
  -webkit-justify-content: center;
  -ms-flex-pack: center;
  justify-content: center;
  position: absolute;
  top: 3rem;
  background-color: #3cd3c1;
  font-size: 1.4rem;
  height: 3.6rem;
  right: -2rem;
}

.c4::after {
  content: '';
  display: block;
  width: 0;
  height: 0;
  position: absolute;
  right: 0;
  border: 0 solid transparent;
}

.c4::after {
  border-left-color: #30a89a;
}

.c4::after {
  bottom: -1rem;
  border-bottom-width: 1rem;
  border-left-width: 2rem;
}

.c0 {
  position: relative;
  background: #fafafa;
  padding: 2.4rem;
  padding-top: 3.2rem;
}

.c0 .c3 {
  padding: 0 1.6rem;
  right: -1.2rem;
}

.c0 .c3::after {
  border-left-width: 1.2rem;
}

.c0 .c1 {
  margin-bottom: 1.6rem;
}

.c5 {
  color: #8f8f8f;
  font-size: 1.4rem;
  margin-bottom: 2.4rem;
}

.c6 {
  display: -webkit-box;
  display: -webkit-flex;
  display: -ms-flexbox;
  display: flex;
  -webkit-flex-direction: column;
  -ms-flex-direction: column;
  flex-direction: column;
}

.c6 button + button {
  margin-top: 1.6rem;
}

@media (min-width:768px) {
  .c2 {
    font-size: 2.8rem;
  }
}

@media (min-width:450px) {
  .c0 {
    padding: 4.0rem;
    padding-top: 3.2rem;
  }
}

@media (min-width:768px) {
  .c0 .c3 {
    border-radius: 0.4rem;
    right: 4.0rem;
    top: 4.0rem;
    font-size: 1.8rem;
  }

  .c0 .c3::after {
    border: 0;
  }
}

@media (min-width:768px) {
  .c5 {
    max-width: 76rem;
  }
}

@media (min-width:768px) {
  .c6 button + button {
    margin-top: 0;
    margin-right: 2.4rem;
  }
}

@media (min-width:768px) {
  .c6 {
    -webkit-flex-direction: row-reverse;
    -ms-flex-direction: row-reverse;
    flex-direction: row-reverse;
  }
}

<div
  class="c0"
>
  <h2
    class="c1 c2"
    color="black"
  >
    My game title
  </h2>
  <div
    class="c3 c4"
    color="secondary"
  >
    $210,00
  </div>
  <p
    class="c5"
  >
    Game description
  </p>
  <div
    class="c6"
  >
    <button
      class="c7"
    >
      <svg
        aria-hidden="true"
        class="c8"
        fill="currentColor"
        focusable="false"
        viewBox="0 0 24 24"
        xmlns="http://www.w3.org/2000/svg"
      >
        <path
          d="M0 0h24v24H0V0z"
          fill="none"
        />
        <path
          d="M11 9h2V6h3V4h-3V1h-2v3H8v2h3v3zm-4 9c-1.1 0-1.99.9-1.99 2S5.9 22 7 22s2-.9 2-2-.9-2-2-2zm10 0c-1.1 0-1.99.9-1.99 2s.89 2 1.99 2 2-.9 2-2-.9-2-2-2zm-8.9-5h7.45c.75 0 1.41-.41 1.75-1.03l3.86-7.01L19.42 4l-3.87 7H8.53L4.27 2H1v2h2l3.6 7.59-1.35 2.44C4.52 15.37 5.48 17 7 17h12v-2H7l1.1-2z"
        />
      </svg>
      <span>
        Add to cart
      </span>
    </button>
    <button
      class="c9"
    >
      <svg
        aria-hidden="true"
        class="c8"
        fill="currentColor"
        focusable="false"
        viewBox="0 0 24 24"
        xmlns="http://www.w3.org/2000/svg"
      >
        <path
          d="M0 0h24v24H0V0z"
          fill="none"
        />
        <path
          d="M16.5 3c-1.74 0-3.41.81-4.5 2.09C10.91 3.81 9.24 3 7.5 3 4.42 3 2 5.42 2 8.5c0 3.78 3.4 6.86 8.55 11.54L12 21.35l1.45-1.32C18.6 15.36 22 12.28 22 8.5 22 5.42 19.58 3 16.5 3zm-4.4 15.55l-.1.1-.1-.1C7.14 14.24 4 11.39 4 8.5 4 6.5 5.5 5 7.5 5c1.54 0 3.04.99 3.57 2.36h1.87C13.46 5.99 14.96 5 16.5 5c2 0 3.5 1.5 3.5 3.5 0 2.89-3.14 5.74-7.9 10.05z"
        />
      </svg>
      <span>
        Wishlist
      </span>
    </button>
  </div>
</div>
`;
