// Jest Snapshot v1, https://goo.gl/fbAQLP

exports[`<Auth /> should render the heading 1`] = `
<h1
  class=""
>
  Auth
</h1>
`;
