// Jest Snapshot v1, https://goo.gl/fbAQLP

exports[`<Button /> should render the button 1`] = `
.c0 {
  background: linear-gradient(180deg,#ff5f5f 0%,#f062c0 50%);
  color: #fafafa;
  border-radius: 0.4rem;
  border: 0;
  font-size: 1.4rem;
  padding: 0.8rem 2.4rem;
  height: 4rem;
}

<button
  class="c0"
>
  <span>
    Buy now
  </span>
</button>
`
