// Jest Snapshot v1, https://goo.gl/fbAQLP

exports[`<TextContent /> should render the heading 1`] = `
<div
  class=""
>
  <h1>
    TextContent
  </h1>
</div>
`;
