// Jest Snapshot v1, https://goo.gl/fbAQLP

exports[`<BannerSlider /> should render a vertical slider 1`] = `
.c10 {
  border-radius: 0.4rem;
  cursor: pointer;
  position: relative;
  z-index: 10;
  -webkit-text-decoration: none;
  text-decoration: none;
  display: -webkit-inline-box;
  display: -webkit-inline-flex;
  display: -ms-inline-flexbox;
  display: inline-flex;
  -webkit-align-items: center;
  -webkit-box-align: center;
  -ms-flex-align: center;
  align-items: center;
  -webkit-box-pack: center;
  -webkit-justify-content: center;
  -ms-flex-pack: center;
  justify-content: center;
  font-size: 1.6rem;
  padding: 0.8rem 2.4rem;
  height: 5rem;
  background: linear-gradient(180deg,#ff5f5f 0%,#f062c0 50%);
  border: 0.1rem solid transparent;
  color: #fafafa;
}

.c10 svg {
  width: 1.8rem;
}

.c10:hover {
  background: linear-gradient(180deg,#e35565 0%,#d958a6 50%);
}

.c5 {
  color: #fafafa;
  padding: 0 2.4rem;
  display: -webkit-box;
  display: -webkit-flex;
  display: -ms-flexbox;
  display: flex;
  -webkit-align-items: center;
  -webkit-box-align: center;
  -ms-flex-align: center;
  align-items: center;
  -webkit-box-pack: center;
  -webkit-justify-content: center;
  -ms-flex-pack: center;
  justify-content: center;
  position: absolute;
  top: 3rem;
  background-color: #f231a5;
  font-size: 1.4rem;
  height: 3.6rem;
  right: -2rem;
}

.c5::after {
  content: '';
  display: block;
  width: 0;
  height: 0;
  position: absolute;
  right: 0;
  border: 0 solid transparent;
}

.c5::after {
  border-left-color: #c12784;
}

.c5::after {
  bottom: -1rem;
  border-bottom-width: 1rem;
  border-left-width: 2rem;
}

.c3 {
  position: relative;
}

.c6 {
  width: 100%;
  height: 23rem;
  background-color: #eaeaea;
  background-image: url(https://source.unsplash.com/user/willianjusten/1042x580);
  background-position: center center;
  background-size: cover;
}

.c11 {
  width: 100%;
  height: 23rem;
  background-color: #eaeaea;
  background-image: url(https://source.unsplash.com/user/willianjusten/1042x582);
  background-position: center center;
  background-size: cover;
}

.c7 {
  width: 100%;
  background: rgba(3,5,23,0.7);
  padding: 2.4rem;
}

.c8 {
  color: #fafafa;
  font-size: 1.4rem;
  font-weight: 400;
  margin-bottom: 1.6rem;
}

.c9 {
  color: #fafafa;
  font-size: 1.4rem;
  font-weight: 400;
  margin-bottom: 1.6rem;
}

.c9 strong {
  color: #f231a5;
  font-weight: 600;
}

.c1 .slick-slider {
  position: relative;
  display: block;
  box-sizing: border-box;
  -webkit-user-select: none;
  -moz-user-select: none;
  -ms-user-select: none;
  user-select: none;
  touch-action: pan-y;
}

.c1 .slick-list {
  position: relative;
  display: block;
  overflow: hidden;
  margin: 0;
  padding: 0;
}

.c1 .slick-list:focus {
  outline: none;
}

.c1 .slick-list.dragging {
  cursor: pointer;
  cursor: hand;
}

.c1 .slick-slider .slick-track,
.c1 .slick-slider .slick-list {
  -webkit-transform: translate3d(0,0,0);
  -ms-transform: translate3d(0,0,0);
  transform: translate3d(0,0,0);
}

.c1 .slick-track {
  position: relative;
  top: 0;
  left: 0;
  display: block;
}

.c1 .slick-track:before,
.c1 .slick-track:after {
  display: table;
  content: '';
}

.c1 .slick-track:after {
  clear: both;
}

.c1 .slick-loading .slick-track {
  visibility: hidden;
}

.c1 .slick-slide {
  display: none;
  float: left;
  height: 100%;
  min-height: 1px;
}

.c1 [dir='rtl'] .slick-slide {
  float: right;
}

.c1 .slick-slide img {
  display: block;
}

.c1 .slick-slide.slick-loading img {
  display: none;
}

.c1 .slick-slide.dragging img {
  pointer-events: none;
}

.c1 .slick-initialized .slick-slide {
  display: block;
}

.c1 .slick-loading .slick-slide {
  visibility: hidden;
}

.c1 .slick-vertical .slick-slide {
  display: block;
  height: auto;
  border: 1px solid transparent;
}

.c1 .slick-arrow.slick-hidden {
  display: none;
}

.c0 .slick-dots {
  list-style: none;
  display: -webkit-box !important;
  display: -webkit-flex !important;
  display: -ms-flexbox !important;
  display: flex !important;
  -webkit-align-items: center;
  -webkit-box-align: center;
  -ms-flex-align: center;
  align-items: center;
  -webkit-box-pack: center;
  -webkit-justify-content: center;
  -ms-flex-pack: center;
  justify-content: center;
  margin-top: 2.4rem;
}

.c0 .slick-dots li {
  background: #fafafa;
  margin: 0 0.8rem;
  width: 1.2rem;
  height: 1.2rem;
  border-radius: 100%;
  display: -webkit-box;
  display: -webkit-flex;
  display: -ms-flexbox;
  display: flex;
  -webkit-align-items: center;
  -webkit-box-align: center;
  -ms-flex-align: center;
  align-items: center;
  -webkit-box-pack: center;
  -webkit-justify-content: center;
  -ms-flex-pack: center;
  justify-content: center;
  cursor: pointer;
}

.c0 .slick-dots li.slick-active {
  background: #f231a5;
}

.c0 .slick-dots button {
  width: 1.2rem;
  height: 1.2rem;
  opacity: 0;
  cursor: pointer;
}

@media (max-width:1170px) {
  .c3 .c4 {
    right: 0;
  }

  .c3 .c4::after {
    display: none;
  }
}

@media (min-width:768px) {
  .c3 {
    box-shadow: 0 0.4rem 0.5rem rgba(3,5,23,0.2);
  }
}

@media (min-width:768px) {
  .c6 {
    border-radius: 0.4rem;
    height: 58rem;
  }
}

@media (min-width:768px) {
  .c11 {
    border-radius: 0.4rem;
    height: 58rem;
  }
}

@media (min-width:768px) {
  .c7 {
    border-radius: 0 0 0.4rem 0.4rem;
    padding: 4.0rem;
    position: absolute;
    bottom: 0;
    left: 0;
  }
}

@media (min-width:768px) {
  .c8 {
    font-size: 2.8rem;
  }
}

@media (min-width:768px) {
  .c9 {
    font-size: 1.8rem;
  }
}

@media (min-width:1170px) {
  .c0 .c2 {
    max-width: 104rem;
    margin: 0 auto;
  }

  .c0 .slick-dots {
    -webkit-flex-direction: column;
    -ms-flex-direction: column;
    flex-direction: column;
    height: 100%;
    position: absolute;
    top: 0;
    right: 0;
    margin: 0;
  }

  .c0 .slick-dots li {
    margin: 0.8rem 0;
  }
}

<div
  class="c0"
>
  <section
    class="c1"
  >
    <div
      class="slick-slider slick-vertical slick-initialized"
      dir="ltr"
    >
      <div
        class="slick-list"
        style="height: 0px;"
      >
        <div
          class="slick-track"
          style="opacity: 1; transform: translate3d(0px, 0px, 0px);"
        >
          <div
            aria-hidden="false"
            class="slick-slide slick-active slick-current"
            data-index="0"
            style="outline: none; width: 0px;"
            tabindex="-1"
          >
            <div>
              <section
                class="c2 c3"
              >
                <div
                  class="c4 c5"
                  color="primary"
                >
                  Bestselling
                </div>
                <div
                  aria-label="Defy death 1"
                  class="c6"
                  role="img"
                  src="https://source.unsplash.com/user/willianjusten/1042x580"
                />
                <div
                  class="c7"
                >
                  <h2
                    class="c8"
                  >
                    Defy death 1
                  </h2>
                  <h3
                    class="c9"
                  >
                    <p>
                      Play the new 
                      <strong>
                        CrashLands
                      </strong>
                       season
                    </p>
                  </h3>
                  <a
                    class="c10"
                    href="/games/defy-death"
                  >
                    <span>
                      Buy now
                    </span>
                  </a>
                </div>
              </section>
            </div>
          </div>
          <div
            aria-hidden="true"
            class="slick-slide"
            data-index="1"
            style="outline: none; width: 0px;"
            tabindex="-1"
          >
            <div>
              <section
                class="c2 c3"
              >
                <div
                  aria-label="Defy death 2"
                  class="c11"
                  role="img"
                  src="https://source.unsplash.com/user/willianjusten/1042x582"
                />
                <div
                  class="c7"
                >
                  <h2
                    class="c8"
                  >
                    Defy death 2
                  </h2>
                  <h3
                    class="c9"
                  >
                    <p>
                      Play the new 
                      <strong>
                        CrashLands
                      </strong>
                       season
                    </p>
                  </h3>
                  <a
                    class="c10"
                    href="/games/defy-death"
                  >
                    <span>
                      Buy now
                    </span>
                  </a>
                </div>
              </section>
            </div>
          </div>
        </div>
      </div>
      <ul
        class="slick-dots"
        style="display: block;"
      >
        <li
          class="slick-active"
        >
          <button>
            1
          </button>
        </li>
        <li
          class=""
        >
          <button>
            2
          </button>
        </li>
      </ul>
    </div>
  </section>
</div>
`;
