// Jest Snapshot v1, https://goo.gl/fbAQLP

exports[`<Ribbon /> should render the text correctly 1`] = `
.c0 {
  color: #fafafa;
  padding: 0 2.4rem;
  display: -webkit-box;
  display: -webkit-flex;
  display: -ms-flexbox;
  display: flex;
  -webkit-align-items: center;
  -webkit-box-align: center;
  -ms-flex-align: center;
  align-items: center;
  -webkit-box-pack: center;
  -webkit-justify-content: center;
  -ms-flex-pack: center;
  justify-content: center;
  position: absolute;
  top: 3rem;
  background-color: #f231a5;
  font-size: 1.4rem;
  height: 3.6rem;
  right: -2rem;
}

.c0::after {
  content: '';
  display: block;
  width: 0;
  height: 0;
  position: absolute;
  right: 0;
  border: 0 solid transparent;
}

.c0::after {
  border-left-color: #c12784;
}

.c0::after {
  bottom: -1rem;
  border-bottom-width: 1rem;
  border-left-width: 2rem;
}

<div
  class="c0"
  color="primary"
>
  Best seller
</div>
`
