// Jest Snapshot v1, https://goo.gl/fbAQLP

exports[`<FormSignIn /> should render the form 1`] = `
.c2 {
  display: inline-block;
  vertical-align: middle;
  overflow: hidden;
}

.c4 {
  border-radius: 0.4rem;
  cursor: pointer;
  position: relative;
  z-index: 10;
  -webkit-text-decoration: none;
  text-decoration: none;
  display: -webkit-inline-box;
  display: -webkit-inline-flex;
  display: -ms-inline-flexbox;
  display: inline-flex;
  -webkit-align-items: center;
  -webkit-box-align: center;
  -ms-flex-align: center;
  align-items: center;
  -webkit-box-pack: center;
  -webkit-justify-content: center;
  -ms-flex-pack: center;
  justify-content: center;
  font-size: 1.6rem;
  padding: 0.8rem 2.4rem;
  height: 5rem;
  background: linear-gradient(180deg,#ff5f5f 0%,#f062c0 50%);
  border: 0.1rem solid transparent;
  color: #fafafa;
  width: 100%;
}

.c4 svg {
  width: 1.8rem;
}

.c4:hover {
  background: linear-gradient(180deg,#e35565 0%,#d958a6 50%);
}

.c0 {
  background: #eaeaea;
  border-radius: 0.2rem;
  border: 0.2rem solid #eaeaea;
  padding: 0 1.6rem;
  display: -webkit-box;
  display: -webkit-flex;
  display: -ms-flexbox;
  display: flex;
  -webkit-align-items: center;
  -webkit-box-align: center;
  -ms-flex-align: center;
  align-items: center;
}

.c0:focus-within {
  box-shadow: 0 0 0.5rem #f231a5;
}

.c3 {
  border: 0;
  background: transparent;
  color: #030517;
  font-size: 1.6rem;
  padding: 0.8rem 0;
  width: 100%;
  padding-left: 0.8rem;
}

.c3::-webkit-input-placeholder {
  color: #8f8f8f;
}

.c3::-moz-placeholder {
  color: #8f8f8f;
}

.c3:-ms-input-placeholder {
  color: #8f8f8f;
}

.c3::placeholder {
  color: #8f8f8f;
}

.c1 {
  display: -webkit-box;
  display: -webkit-flex;
  display: -ms-flexbox;
  display: flex;
  width: 2.2rem;
  -webkit-order: 0;
  -ms-flex-order: 0;
  order: 0;
}

.c1 > svg {
  fill: #8f8f8f;
  width: 100%;
}

<div
  class=""
>
  <form>
    <div
      class=""
    >
      <div
        class="c0"
      >
        <div
          class="c1"
        >
          <svg
            aria-hidden="true"
            class="c2"
            fill="currentColor"
            focusable="false"
            viewBox="0 0 24 24"
            xmlns="http://www.w3.org/2000/svg"
          >
            <path
              d="M0 0h24v24H0V0z"
              fill="none"
            />
            <path
              d="M22 6c0-1.1-.9-2-2-2H4c-1.1 0-2 .9-2 2v12c0 1.1.9 2 2 2h16c1.1 0 2-.9 2-2V6zm-2 0l-8 5-8-5h16zm0 12H4V8l8 5 8-5v10z"
            />
          </svg>
        </div>
        <input
          class="c3"
          name="email"
          placeholder="Email"
          type="email"
          value=""
        />
      </div>
    </div>
    <div
      class=""
    >
      <div
        class="c0"
      >
        <div
          class="c1"
        >
          <svg
            aria-hidden="true"
            class="c2"
            fill="currentColor"
            focusable="false"
            viewBox="0 0 24 24"
            xmlns="http://www.w3.org/2000/svg"
          >
            <g
              fill="none"
            >
              <path
                d="M0 0h24v24H0V0z"
              />
              <path
                d="M0 0h24v24H0V0z"
                opacity="0.87"
              />
            </g>
            <path
              d="M18 8h-1V6c0-2.76-2.24-5-5-5S7 3.24 7 6v2H6c-1.1 0-2 .9-2 2v10c0 1.1.9 2 2 2h12c1.1 0 2-.9 2-2V10c0-1.1-.9-2-2-2zM9 6c0-1.66 1.34-3 3-3s3 1.34 3 3v2H9V6zm9 14H6V10h12v10zm-6-3c1.1 0 2-.9 2-2s-.9-2-2-2-2 .9-2 2 .9 2 2 2z"
            />
          </svg>
        </div>
        <input
          class="c3"
          name="password"
          placeholder="Password"
          type="password"
          value=""
        />
      </div>
    </div>
    <a
      class=""
      href="#"
    >
      Forgot your password?
    </a>
    <button
      class="c4"
    >
      <span>
        Sign in now
      </span>
    </button>
    <div
      class=""
    >
      Donâ€™t have an account?
       
      <a
        href="/sign-up"
      >
        Sign up
      </a>
    </div>
  </form>
</div>
`;
