// Jest Snapshot v1, https://goo.gl/fbAQLP

exports[`<Highlight /> should render headings and buttons 1`] = `
.c5 {
  background-image: linear-gradient(180deg,#ff5f5f 0%,#f062c0 50%);
  color: #fafafa;
  border-radius: 0.4rem;
  border: 0;
  cursor: pointer;
  position: relative;
  z-index: 10;
  -webkit-text-decoration: none;
  text-decoration: none;
  display: -webkit-inline-box;
  display: -webkit-inline-flex;
  display: -ms-inline-flexbox;
  display: inline-flex;
  -webkit-align-items: center;
  -webkit-box-align: center;
  -ms-flex-align: center;
  align-items: center;
  -webkit-box-pack: center;
  -webkit-justify-content: center;
  -ms-flex-pack: center;
  justify-content: center;
  font-size: 1.4rem;
  padding: 0.8rem;
  height: 4rem;
}

.c5:before {
  background-image: linear-gradient(180deg,#e35565 0%,#d958a6 50%);
  content: '';
  border-radius: inherit;
  display: block;
  position: absolute;
  top: 0;
  right: 0;
  bottom: 0;
  left: 0;
  z-index: -1;
  opacity: 0;
  -webkit-transition: opacity 0.2s ease;
  transition: opacity 0.2s ease;
}

.c5:hover:before {
  opacity: 1;
}

.c5 svg {
  width: 1.6rem;
}

.c0 {
  background-image: url(/assets/red-dead-image.jpg);
  background-position: center center;
  background-size: cover;
  position: relative;
  height: 23rem;
  display: grid;
  grid-template-areas: 'float-image content';
  grid-template-columns: 1.3fr 2fr;
}

.c0::after {
  content: '';
  position: absolute;
  width: 100%;
  height: 100%;
  background-color: rgba(3,5,23,0.6);
}

.c0 .c1 {
  text-align: right;
}

.c2 {
  grid-area: content;
  padding: 1.6rem;
  z-index: 10;
}

.c3 {
  color: #fafafa;
  font-size: 1.8rem;
  font-weight: 600;
}

.c4 {
  color: #fafafa;
  font-size: 1.4rem;
  font-weight: 300;
  margin-bottom: 3.2rem;
}

@media (min-width:768px) {
  .c0 {
    height: 32rem;
  }
}

@media (min-width:768px) {
  .c2 {
    -webkit-align-self: end;
    -ms-flex-item-align: end;
    align-self: end;
    padding: 4.0rem;
  }
}

@media (min-width:768px) {
  .c3 {
    font-size: 2.0rem;
  }
}

@media (min-width:768px) {
  .c4 {
    font-size: 1.8rem;
  }
}

<section
  class="c0"
>
  <div
    class="c1 c2"
  >
    <h2
      class="c3"
    >
      This is the title
    </h2>
    <h3
      class="c4"
    >
      This is the subtitle
    </h3>
    <a
      class="c5"
      href="/rdr2"
    >
      <span>
        Buy now
      </span>
    </a>
  </div>
</section>
`
