// Jest Snapshot v1, https://goo.gl/fbAQLP

exports[`<Heading /> should render the heading 1`] = `
<h2
  class=""
>
  Most Populars
</h2>
`
