// Jest Snapshot v1, https://goo.gl/fbAQLP

exports[`<Radio /> should render with white label 1`] = `
.c0 {
  display: -webkit-box;
  display: -webkit-flex;
  display: -ms-flexbox;
  display: flex;
  -webkit-align-items: center;
  -webkit-box-align: center;
  -ms-flex-align: center;
  align-items: center;
}

.c1 {
  cursor: pointer;
  display: -webkit-box;
  display: -webkit-flex;
  display: -ms-flexbox;
  display: flex;
  -webkit-align-items: center;
  -webkit-box-align: center;
  -ms-flex-align: center;
  align-items: center;
  -webkit-box-pack: center;
  -webkit-justify-content: center;
  -ms-flex-pack: center;
  justify-content: center;
  -webkit-appearance: none;
  -moz-appearance: none;
  appearance: none;
  width: 1.8rem;
  height: 1.8rem;
  border-radius: 50%;
  border: 0.2rem solid #8f8f8f;
  -webkit-transition: background border 0.1s ease-in-out;
  transition: background border 0.1s ease-in-out;
  background: transparent;
}

.c1::before {
  content: '';
  width: 0.8rem;
  height: 0.8rem;
  border-radius: 50%;
  background: #f231a5;
  -webkit-transition: opacity 0.1s ease-in-out;
  transition: opacity 0.1s ease-in-out;
  opacity: 0;
}

.c1:focus {
  box-shadow: 0 0 0.5rem #f231a5;
}

.c1:checked {
  border-color: #f231a5;
}

.c1:checked::before {
  opacity: 1;
}

.c2 {
  color: #fafafa;
  cursor: pointer;
  padding-left: 0.8rem;
  line-height: 1;
}

<div
  class="c0"
>
  <input
    class="c1"
    id="check"
    type="radio"
    value="anyValue"
  />
  <label
    class="c2"
    for="check"
  >
    Radio
  </label>
</div>
`
